mvn : WARNING: A 
terminally deprecated 
method in 
sun.misc.Unsafe has 
been called
At line:1 char:1
+ mvn compile 2>&1 | 
Out-File -FilePath 
errors.txt -Encoding 
ASCII
+ ~~~~~~~~~~~~~~~~
    + CategoryInfo    
          : NotSpeci  
  fied: (WARNING: A   
  term...has been     
called:String) []    
, RemoteException
    + FullyQualifiedE 
   rrorId : NativeCo  
  mmandError
 
WARNING: sun.misc.Unsa
fe::staticFieldBase 
has been called by com
.google.inject.interna
l.aop.HiddenClassDefin
er (file:/C:/Program%2
0Files/Maven/apache-ma
ven-3.9.11/lib/guice-5
.1.0-classes.jar)
WARNING: Please 
consider reporting 
this to the 
maintainers of class c
om.google.inject.inter
nal.aop.HiddenClassDef
iner
WARNING: sun.misc.Unsa
fe::staticFieldBase 
will be removed in a 
future release
[INFO] Scanning for projects...
[INFO] 
[INFO] ----------------------< com.esd:hotelmanagement >-----------------------
[INFO] Building Hotel Management System 1.0.0
[INFO]   from pom.xml
[INFO] --------------------------------[ jar ]---------------------------------
[INFO] 
[INFO] --- resources:3.3.1:resources (default-resources) @ hotelmanagement ---
[INFO] Copying 2 resources from src\main\resources to target\classes
[INFO] Copying 0 resource from src\main\resources to target\classes
[INFO] 
[INFO] --- compiler:3.11.0:compile (default-compile) @ hotelmanagement ---
[INFO] Changes detected - recompiling the module! :source
[INFO] Compiling 104 source files with javac [debug release 17] to target\classes
[INFO] ------------------------------------------------------------------------
[INFO] BUILD FAILURE
[INFO] ------------------------------------------------------------------------
[INFO] Total time:  2.510 s
[INFO] Finished at: 2025-12-07T16:16:42+05:00
[INFO] ------------------------------------------------------------------------
[ERROR] Failed to execute goal org.apache.maven.plugins:maven-compiler-plugin:3.11.0:compile (default-compile) on project hotelmanagement: Fatal error compiling: java.lang.ExceptionInInitializerError: com.sun.tools.javac.code.TypeTag :: UNKNOWN -> [Help 1]
[ERROR] 
[ERROR] To see the full stack trace of the errors, re-run Maven with the -e switch.
[ERROR] Re-run Maven using the -X switch to enable full debug logging.
[ERROR] 
[ERROR] For more information about the errors and possible solutions, please read the following articles:
[ERROR] [Help 1] http://cwiki.apache.org/confluence/display/MAVEN/MojoExecutionException
