mvn : WARNING: A 
terminally deprecated 
method in 
sun.misc.Unsafe has 
been called
At line:1 char:1
+ mvn test "-Dtest=Aut
hControllerTest" 2>&1 
| Out-File -FilePath 
test_o ...
+ ~~~~~~~~~~~~~~~~~~~~
~~~~~~~~~~~~~~~~~~~~~
    + CategoryInfo    
          : NotSpeci  
  fied: (WARNING: A   
  term...has been     
called:String) []    
, RemoteException
    + FullyQualifiedE 
   rrorId : NativeCo  
  mmandError
 
WARNING: sun.misc.Unsa
fe::staticFieldBase 
has been called by com
.google.inject.interna
l.aop.HiddenClassDefin
er (file:/C:/Program%2
0Files/Maven/apache-ma
ven-3.9.11/lib/guice-5
.1.0-classes.jar)
WARNING: Please 
consider reporting 
this to the 
maintainers of class c
om.google.inject.inter
nal.aop.HiddenClassDef
iner
WARNING: sun.misc.Unsa
fe::staticFieldBase 
will be removed in a 
future release
[INFO] Scanning for projects...
[INFO] 
[INFO] ----------------------< com.esd:hotelmanagement >-----------------------
[INFO] Building Hotel Management System 1.0.0
[INFO]   from pom.xml
[INFO] --------------------------------[ jar ]---------------------------------
[INFO] 
[INFO] --- resources:3.3.1:resources (default-resources) @ hotelmanagement ---
[INFO] Copying 2 resources from src\main\resources to target\classes
[INFO] Copying 0 resource from src\main\resources to target\classes
[INFO] 
[INFO] --- compiler:3.13.0:compile (default-compile) @ hotelmanagement ---
[INFO] Nothing to compile - all classes are up to date.
[INFO] 
[INFO] --- resources:3.3.1:testResources (default-testResources) @ hotelmanagement ---
[INFO] skip non existing resourceDirectory H:\ESD_Project_springboot\src\test\resources
[INFO] 
[INFO] --- compiler:3.13.0:testCompile (default-testCompile) @ hotelmanagement ---
[INFO] Nothing to compile - all classes are up to date.
[INFO] 
[INFO] --- surefire:3.1.2:test (default-test) @ hotelmanagement ---
[INFO] Using auto detected provider org.apache.maven.surefire.junitplatform.JUnitPlatformProvider
[INFO] 
[INFO] -------------------------------------------------------
[INFO]  T E S T S
[INFO] -------------------------------------------------------
[INFO] Running com.esd.hotelmanagement.controller.AuthControllerTest
02:02:59.426 [main] INFO org.springframework.test.context.support.AnnotationConfigContextLoaderUtils -- Could not detect default configuration classes for test class [com.esd.hotelmanagement.controller.AuthControllerTest]: AuthControllerTest does not declare any static, non-private, non-final, nested classes annotated with @Configuration.
02:02:59.569 [main] INFO org.springframework.boot.test.context.SpringBootTestContextBootstrapper -- Found @SpringBootConfiguration com.esd.hotelmanagement.HotelManagementApplication for test class com.esd.hotelmanagement.controller.AuthControllerTest

  .   ____          _            __ _ _
 /\\ / ___'_ __ _ _(_)_ __  __ _ \ \ \ \
( ( )\___ | '_ | '_| | '_ \/ _` | \ \ \ \
 \\/  ___)| |_)| | | | | || (_| |  ) ) ) )
  '  |____| .__|_| |_|_| |_\__, | / / / /
 =========|_|==============|___/=/_/_/_/
 :: Spring Boot ::                (v3.2.0)

2025-12-11T02:02:59.935+05:00  INFO 18520 --- [hotel-management-system] [           main] c.e.h.controller.AuthControllerTest      : Starting AuthControllerTest using Java 24.0.2 with PID 18520 (started by Dragon Emperor in H:\ESD_Project_springboot)
2025-12-11T02:02:59.936+05:00 DEBUG 18520 --- [hotel-management-system] [           main] c.e.h.controller.AuthControllerTest      : Running with Spring Boot v3.2.0, Spring v6.1.1
2025-12-11T02:02:59.937+05:00  INFO 18520 --- [hotel-management-system] [           main] c.e.h.controller.AuthControllerTest      : The following 1 profile is active: "dev"
2025-12-11T02:03:00.622+05:00  INFO 18520 --- [hotel-management-system] [           main] .s.d.r.c.RepositoryConfigurationDelegate : Bootstrapping Spring Data JPA repositories in DEFAULT mode.
2025-12-11T02:03:00.701+05:00  INFO 18520 --- [hotel-management-system] [           main] .s.d.r.c.RepositoryConfigurationDelegate : Finished Spring Data repository scanning in 71 ms. Found 16 JPA repository interfaces.
2025-12-11T02:03:01.156+05:00  INFO 18520 --- [hotel-management-system] [           main] o.hibernate.jpa.internal.util.LogHelper  : HHH000204: Processing PersistenceUnitInfo [name: default]
2025-12-11T02:03:01.228+05:00  INFO 18520 --- [hotel-management-system] [           main] org.hibernate.Version                    : HHH000412: Hibernate ORM core version 6.3.1.Final
2025-12-11T02:03:01.263+05:00  INFO 18520 --- [hotel-management-system] [           main] o.h.c.internal.RegionFactoryInitiator    : HHH000026: Second-level cache disabled
2025-12-11T02:03:01.474+05:00  INFO 18520 --- [hotel-management-system] [           main] o.s.o.j.p.SpringPersistenceUnitInfo      : No LoadTimeWeaver setup: ignoring JPA class transformer
2025-12-11T02:03:01.490+05:00  INFO 18520 --- [hotel-management-system] [           main] com.zaxxer.hikari.HikariDataSource       : HikariPool-1 - Starting...
2025-12-11T02:03:01.615+05:00  INFO 18520 --- [hotel-management-system] [           main] com.zaxxer.hikari.pool.HikariPool        : HikariPool-1 - Added connection conn0: url=jdbc:h2:mem:hoteldb user=SA
2025-12-11T02:03:01.616+05:00  INFO 18520 --- [hotel-management-system] [           main] com.zaxxer.hikari.HikariDataSource       : HikariPool-1 - Start completed.
2025-12-11T02:03:01.635+05:00  WARN 18520 --- [hotel-management-system] [           main] org.hibernate.orm.deprecation            : HHH90000025: H2Dialect does not need to be specified explicitly using 'hibernate.dialect' (remove the property setting and it will be selected by default)
2025-12-11T02:03:02.522+05:00  INFO 18520 --- [hotel-management-system] [           main] o.h.e.t.j.p.i.JtaPlatformInitiator       : HHH000489: No JTA platform available (set 'hibernate.transaction.jta.platform' to enable JTA platform integration)
Hibernate: 
    create table amenities (
        id bigint generated by default as identity,
        description varchar(255),
        icon varchar(255),
        name varchar(255) not null,
        primary key (id)
    )
Hibernate: 
    create table availabilities (
        id bigint generated by default as identity,
        date date not null,
        is_available boolean not null,
        price_override numeric(10,2),
        room_id bigint not null,
        primary key (id)
    )
Hibernate: 
    create table cancellation_policies (
        id bigint generated by default as identity,
        days_before_check_in integer not null,
        description varchar(1000),
        name varchar(255) not null,
        refund_percentage integer not null,
        primary key (id)
    )
Hibernate: 
    create table hotel_amenities (
        hotel_id bigint not null,
        amenity_id bigint not null,
        primary key (hotel_id, amenity_id)
    )
Hibernate: 
    create table hotels (
        id bigint generated by default as identity,
        created_at timestamp(6),
        description varchar(2000),
        enabled boolean not null,
        name varchar(255) not null,
        star_rating integer,
        updated_at timestamp(6),
        cancellation_policy_id bigint,
        location_id bigint,
        owner_id bigint not null,
        primary key (id)
    )
Hibernate: 
    create table locations (
        id bigint generated by default as identity,
        address varchar(255) not null,
        city varchar(255) not null,
        country varchar(255) not null,
        latitude float(53),
        longitude float(53),
        state varchar(255),
        zip_code varchar(255),
        primary key (id)
    )
Hibernate: 
    create table loyalty_accounts (
        id bigint generated by default as identity,
        created_at timestamp(6),
        points integer not null,
        tier varchar(255),
        user_id bigint not null,
        primary key (id)
    )
Hibernate: 
    create table payments (
        id bigint generated by default as identity,
        amount numeric(10,2) not null,
        created_at timestamp(6),
        paid_at timestamp(6),
        payment_method varchar(255) not null,
        status varchar(255) not null check (status in ('PENDING','SUCCESS','FAILED','REFUNDED')),
        transaction_id varchar(255),
        reservation_id bigint not null,
        primary key (id)
    )
Hibernate: 
    create table photos (
        id bigint generated by default as identity,
        caption varchar(255),
        display_order integer,
        url varchar(500) not null,
        hotel_id bigint not null,
        primary key (id)
    )
Hibernate: 
    create table promotions (
        id bigint generated by default as identity,
        code varchar(255) not null,
        discount_type varchar(255) not null check (discount_type in ('PERCENTAGE','FIXED')),
        discount_value numeric(10,2) not null,
        enabled boolean not null,
        end_date date not null,
        start_date date not null,
        usage_count integer not null,
        usage_limit integer,
        primary key (id)
    )
Hibernate: 
    create table reservations (
        id bigint generated by default as identity,
        check_in_date date not null,
        check_out_date date not null,
        created_at timestamp(6),
        discount_amount numeric(10,2),
        guest_count integer not null,
        promo_code varchar(255),
        status varchar(255) not null check (status in ('PENDING','CONFIRMED','CANCELLED','COMPLETED')),
        total_price numeric(10,2) not null,
        updated_at timestamp(6),
        guest_id bigint not null,
        room_id bigint not null,
        primary key (id)
    )
Hibernate: 
    create table reviews (
        id bigint generated by default as identity,
        comment varchar(2000),
        created_at timestamp(6),
        rating integer not null,
        reservation_id bigint not null,
        user_id bigint not null,
        primary key (id)
    )
Hibernate: 
    create table room_types (
        id bigint generated by default as identity,
        base_price numeric(10,2) not null,
        description varchar(1000),
        max_occupancy integer not null,
        name varchar(255) not null,
        hotel_id bigint not null,
        primary key (id)
    )
Hibernate: 
    create table rooms (
        id bigint generated by default as identity,
        floor integer,
        room_number varchar(255) not null,
        status varchar(255) not null check (status in ('AVAILABLE','OCCUPIED','MAINTENANCE')),
        room_type_id bigint not null,
        primary key (id)
    )
Hibernate: 
    create table staff (
        id bigint generated by default as identity,
        hire_date timestamp(6),
        position varchar(255),
        hotel_id bigint not null,
        user_id bigint not null,
        primary key (id)
    )
Hibernate: 
    create table transaction_logs (
        id bigint generated by default as identity,
        action varchar(255) not null,
        amount numeric(10,2),
        created_at timestamp(6),
        description varchar(500),
        payment_id bigint not null,
        primary key (id)
    )
Hibernate: 
    create table users (
        id bigint generated by default as identity,
        created_at timestamp(6),
        email varchar(255) not null,
        enabled boolean not null,
        first_name varchar(255) not null,
        last_name varchar(255) not null,
        password varchar(255) not null,
        phone varchar(255),
        role varchar(255) not null check (role in ('ADMIN','OWNER','STAFF','GUEST')),
        updated_at timestamp(6),
        primary key (id)
    )
Hibernate: 
    alter table if exists amenities 
       drop constraint if exists UK_m492b3r7aa2c88y156nvic16s
Hibernate: 
    alter table if exists amenities 
       add constraint UK_m492b3r7aa2c88y156nvic16s unique (name)
Hibernate: 
    alter table if exists availabilities 
       drop constraint if exists UK8t2h64f72lepm1rordadw8peu
Hibernate: 
    alter table if exists availabilities 
       add constraint UK8t2h64f72lepm1rordadw8peu unique (room_id, date)
Hibernate: 
    alter table if exists hotels 
       drop constraint if exists UK_2osif73fbfbaeyrwub09frqif
Hibernate: 
    alter table if exists hotels 
       add constraint UK_2osif73fbfbaeyrwub09frqif unique (cancellation_policy_id)
Hibernate: 
    alter table if exists hotels 
       drop constraint if exists UK_rler0hgosgpgljfw68b072jx0
Hibernate: 
    alter table if exists hotels 
       add constraint UK_rler0hgosgpgljfw68b072jx0 unique (location_id)
Hibernate: 
    alter table if exists loyalty_accounts 
       drop constraint if exists UK_4wqbkj2bqwb32a94bdqcsbvgp
Hibernate: 
    alter table if exists loyalty_accounts 
       add constraint UK_4wqbkj2bqwb32a94bdqcsbvgp unique (user_id)
Hibernate: 
    alter table if exists payments 
       drop constraint if exists UK_e7qdxh4fch1yfisduker8j6w2
Hibernate: 
    alter table if exists payments 
       add constraint UK_e7qdxh4fch1yfisduker8j6w2 unique (reservation_id)
Hibernate: 
    alter table if exists promotions 
       drop constraint if exists UK_jdho73ymbyu46p2hh562dk4kk
Hibernate: 
    alter table if exists promotions 
       add constraint UK_jdho73ymbyu46p2hh562dk4kk unique (code)
Hibernate: 
    alter table if exists reviews 
       drop constraint if exists UK_lrro92kb91nud7g0x8dcuw3kc
Hibernate: 
    alter table if exists reviews 
       add constraint UK_lrro92kb91nud7g0x8dcuw3kc unique (reservation_id)
Hibernate: 
    alter table if exists users 
       drop constraint if exists UK_6dotkott2kjsp8vw4d0m25fb7
Hibernate: 
    alter table if exists users 
       add constraint UK_6dotkott2kjsp8vw4d0m25fb7 unique (email)
Hibernate: 
    alter table if exists availabilities 
       add constraint FKcyixwbor7lwkmlcrx64dp1cah 
       foreign key (room_id) 
       references rooms
Hibernate: 
    alter table if exists hotel_amenities 
       add constraint FK8briqcy2j5b6td3kpi2bbq03w 
       foreign key (amenity_id) 
       references amenities
Hibernate: 
    alter table if exists hotel_amenities 
       add constraint FK5v984hm7iyuvyccsgboplo7ii 
       foreign key (hotel_id) 
       references hotels
Hibernate: 
    alter table if exists hotels 
       add constraint FKt4uurvihpgojofxr252qdop1g 
       foreign key (cancellation_policy_id) 
       references cancellation_policies
Hibernate: 
    alter table if exists hotels 
       add constraint FKqs8u4n6x2f5anae9lllt3857p 
       foreign key (location_id) 
       references locations
Hibernate: 
    alter table if exists hotels 
       add constraint FKjlj2pyi45k16gjvlin6smjfjy 
       foreign key (owner_id) 
       references users
Hibernate: 
    alter table if exists loyalty_accounts 
       add constraint FKc3jfk2sj1t7ewn9un7nkr49m1 
       foreign key (user_id) 
       references users
Hibernate: 
    alter table if exists payments 
       add constraint FKp8yh4sjt3u0g6aru1oxfh3o14 
       foreign key (reservation_id) 
       references reservations
Hibernate: 
    alter table if exists photos 
       add constraint FK64i596263pgxqviq4mpk3lebj 
       foreign key (hotel_id) 
       references hotels
Hibernate: 
    alter table if exists reservations 
       add constraint FK3kocu7c52008941ed3rvqsflm 
       foreign key (guest_id) 
       references users
Hibernate: 
    alter table if exists reservations 
       add constraint FKljt6q1tp205b0h26eiegc5mx6 
       foreign key (room_id) 
       references rooms
Hibernate: 
    alter table if exists reviews 
       add constraint FK4mjgyh1vc99vaf9l18j2ejc89 
       foreign key (reservation_id) 
       references reservations
Hibernate: 
    alter table if exists reviews 
       add constraint FKcgy7qjc1r99dp117y9en6lxye 
       foreign key (user_id) 
       references users
Hibernate: 
    alter table if exists room_types 
       add constraint FK42cc0t2sr43om89u1loqh7arj 
       foreign key (hotel_id) 
       references hotels
Hibernate: 
    alter table if exists rooms 
       add constraint FKh9m2n1paq5hmd3u0klfl7wsfv 
       foreign key (room_type_id) 
       references room_types
Hibernate: 
    alter table if exists staff 
       add constraint FKev0ps7gpx9wi7kuivv0bc05ss 
       foreign key (hotel_id) 
       references hotels
Hibernate: 
    alter table if exists staff 
       add constraint FKdlvw23ak3u9v9bomm8g12rtc0 
       foreign key (user_id) 
       references users
Hibernate: 
    alter table if exists transaction_logs 
       add constraint FKh9n4o2gf331brh9feqqnwe3be 
       foreign key (payment_id) 
       references payments
2025-12-11T02:03:02.615+05:00  INFO 18520 --- [hotel-management-system] [           main] j.LocalContainerEntityManagerFactoryBean : Initialized JPA EntityManagerFactory for persistence unit 'default'
2025-12-11T02:03:03.032+05:00  INFO 18520 --- [hotel-management-system] [           main] o.s.d.j.r.query.QueryEnhancerFactory     : Hibernate is in classpath; If applicable, HQL parser will be used.
2025-12-11T02:03:04.216+05:00  WARN 18520 --- [hotel-management-system] [           main] JpaBaseConfiguration$JpaWebConfiguration : spring.jpa.open-in-view is enabled by default. Therefore, database queries may be performed during view rendering. Explicitly configure spring.jpa.open-in-view to disable this warning
WARNING: A restricted 
method in 
java.lang.System has 
been called
WARNING: java.lang.Sys
tem::load has been 
called by org.apache.t
omcat.jni.Library in 
an unnamed module (fil
e:/C:/Users/Dragon%20E
mperor/.m2/repository/
org/apache/tomcat/embe
d/tomcat-embed-core/10
.1.16/tomcat-embed-cor
e-10.1.16.jar)
WARNING: Use --enable-
native-access=ALL-UNNA
MED to avoid a 
warning for callers 
in this module
WARNING: Restricted 
methods will be 
blocked in a future 
release unless native 
access is enabled

2025-12-11T02:03:04.483+05:00  INFO 18520 --- [hotel-management-system] [           main] o.s.s.web.DefaultSecurityFilterChain     : Will secure any request with [org.springframework.security.web.session.DisableEncodeUrlFilter@52565dea, org.springframework.security.web.context.request.async.WebAsyncManagerIntegrationFilter@6f2a705c, org.springframework.security.web.context.SecurityContextHolderFilter@54bb1786, org.springframework.security.web.header.HeaderWriterFilter@3b8214eb, org.springframework.web.filter.CorsFilter@4ebcd5dc, org.springframework.security.web.authentication.logout.LogoutFilter@7d3d4b83, com.esd.hotelmanagement.security.JwtAuthenticationFilter@50389782, org.springframework.security.web.savedrequest.RequestCacheAwareFilter@446782b2, org.springframework.security.web.servletapi.SecurityContextHolderAwareRequestFilter@755cc0c9, org.springframework.security.web.authentication.AnonymousAuthenticationFilter@5357ce45, org.springframework.security.web.session.SessionManagementFilter@69d510a6, org.springframework.security.web.access.ExceptionTranslationFilter@56961224, org.springframework.security.web.access.intercept.AuthorizationFilter@1475268a]
2025-12-11T02:03:04.799+05:00  INFO 18520 --- [hotel-management-system] [           main] o.s.b.a.h2.H2ConsoleAutoConfiguration    : H2 console available at '/h2-console'. Database available at 'jdbc:h2:mem:hoteldb'
2025-12-11T02:03:04.866+05:00 DEBUG 18520 --- [hotel-management-system] [           main] c.e.h.security.JwtAuthenticationFilter   : Filter 'jwtAuthenticationFilter' configured for use
2025-12-11T02:03:04.867+05:00  INFO 18520 --- [hotel-management-system] [           main] o.s.b.t.m.w.SpringBootMockServletContext : Initializing Spring TestDispatcherServlet ''
2025-12-11T02:03:04.867+05:00  INFO 18520 --- [hotel-management-system] [           main] o.s.t.web.servlet.TestDispatcherServlet  : Initializing Servlet ''
2025-12-11T02:03:04.868+05:00  INFO 18520 --- [hotel-management-system] [           main] o.s.t.web.servlet.TestDispatcherServlet  : Completed initialization in 1 ms
2025-12-11T02:03:04.886+05:00  INFO 18520 --- [hotel-management-system] [           main] c.e.h.controller.AuthControllerTest      : Started AuthControllerTest in 5.216 seconds (process running for 6.05)
WARNING: A Java agent 
has been loaded 
dynamically 
(C:\Users\Dragon Emper
or\.m2\repository\net\
bytebuddy\byte-buddy-a
gent\1.14.10\byte-budd
y-agent-1.14.10.jar)
WARNING: If a 
serviceability tool 
is in use, please run 
with -XX:+EnableDynami
cAgentLoading to hide 
this warning
WARNING: If a 
serviceability tool 
is not in use, please 
run with -Djdk.instrum
ent.traceUsage for 
more information
WARNING: Dynamic 
loading of agents 
will be disallowed by 
default in a future 
release
Java HotSpot(TM) 
64-Bit Server VM 
warning: Sharing is 
only supported for 
boot loader classes 
because bootstrap 
classpath has been 
appended
2025-12-11T02:03:05.297+05:00 DEBUG 18520 --- [hotel-management-system] [           main] o.s.security.web.FilterChainProxy        : Securing POST /api/auth/register
2025-12-11T02:03:05.304+05:00 DEBUG 18520 --- [hotel-management-system] [           main] o.s.s.w.a.AnonymousAuthenticationFilter  : Set SecurityContextHolder to anonymous SecurityContext
2025-12-11T02:03:05.305+05:00 DEBUG 18520 --- [hotel-management-system] [           main] o.s.security.web.FilterChainProxy        : Secured POST /api/auth/register
Hibernate: 
    select
        u1_0.id 
    from
        users u1_0 
    where
        u1_0.email=? 
    fetch
        first ? rows only
Hibernate: 
    insert 
    into
        users
        (created_at, email, enabled, first_name, last_name, password, phone, role, updated_at, id) 
    values
        (?, ?, ?, ?, ?, ?, ?, ?, ?, default)
Hibernate: 
    insert 
    into
        loyalty_accounts
        (created_at, points, tier, user_id, id) 
    values
        (?, ?, ?, ?, default)
2025-12-11T02:03:05.631+05:00 DEBUG 18520 --- [hotel-management-system] [           main] o.s.security.web.FilterChainProxy        : Securing POST /api/auth/login
2025-12-11T02:03:05.632+05:00 DEBUG 18520 --- [hotel-management-system] [           main] o.s.s.w.a.AnonymousAuthenticationFilter  : Set SecurityContextHolder to anonymous SecurityContext
2025-12-11T02:03:05.632+05:00 DEBUG 18520 --- [hotel-management-system] [           main] o.s.security.web.FilterChainProxy        : Secured POST /api/auth/login
Hibernate: 
    select
        u1_0.id,
        u1_0.created_at,
        u1_0.email,
        u1_0.enabled,
        u1_0.first_name,
        u1_0.last_name,
        u1_0.password,
        u1_0.phone,
        u1_0.role,
        u1_0.updated_at 
    from
        users u1_0 
    where
        u1_0.email=?
2025-12-11T02:03:05.773+05:00 DEBUG 18520 --- [hotel-management-system] [           main] o.s.s.a.dao.DaoAuthenticationProvider    : Authenticated user
Hibernate: 
    select
        u1_0.id,
        u1_0.created_at,
        u1_0.email,
        u1_0.enabled,
        u1_0.first_name,
        u1_0.last_name,
        u1_0.password,
        u1_0.phone,
        u1_0.role,
        u1_0.updated_at 
    from
        users u1_0 
    where
        u1_0.email=?
2025-12-11T02:03:05.817+05:00 DEBUG 18520 --- [hotel-management-system] [           main] o.s.security.web.FilterChainProxy        : Securing POST /api/auth/register
2025-12-11T02:03:05.818+05:00 DEBUG 18520 --- [hotel-management-system] [           main] o.s.s.w.a.AnonymousAuthenticationFilter  : Set SecurityContextHolder to anonymous SecurityContext
2025-12-11T02:03:05.818+05:00 DEBUG 18520 --- [hotel-management-system] [           main] o.s.security.web.FilterChainProxy        : Secured POST /api/auth/register
Hibernate: 
    select
        u1_0.id 
    from
        users u1_0 
    where
        u1_0.email=? 
    fetch
        first ? rows only
Hibernate: 
    insert 
    into
        users
        (created_at, email, enabled, first_name, last_name, password, phone, role, updated_at, id) 
    values
        (?, ?, ?, ?, ?, ?, ?, ?, ?, default)
Hibernate: 
    insert 
    into
        loyalty_accounts
        (created_at, points, tier, user_id, id) 
    values
        (?, ?, ?, ?, default)
2025-12-11T02:03:05.897+05:00 DEBUG 18520 --- [hotel-management-system] [           main] o.s.security.web.FilterChainProxy        : Securing POST /api/auth/register
2025-12-11T02:03:05.897+05:00 DEBUG 18520 --- [hotel-management-system] [           main] o.s.s.w.a.AnonymousAuthenticationFilter  : Set SecurityContextHolder to anonymous SecurityContext
2025-12-11T02:03:05.898+05:00 DEBUG 18520 --- [hotel-management-system] [           main] o.s.security.web.FilterChainProxy        : Secured POST /api/auth/register
Hibernate: 
    select
        u1_0.id 
    from
        users u1_0 
    where
        u1_0.email=? 
    fetch
        first ? rows only
Hibernate: 
    insert 
    into
        users
        (created_at, email, enabled, first_name, last_name, password, phone, role, updated_at, id) 
    values
        (?, ?, ?, ?, ?, ?, ?, ?, ?, default)
Hibernate: 
    insert 
    into
        loyalty_accounts
        (created_at, points, tier, user_id, id) 
    values
        (?, ?, ?, ?, default)
2025-12-11T02:03:05.964+05:00 DEBUG 18520 --- [hotel-management-system] [           main] o.s.security.web.FilterChainProxy        : Securing POST /api/auth/login
2025-12-11T02:03:05.965+05:00 DEBUG 18520 --- [hotel-management-system] [           main] o.s.s.w.a.AnonymousAuthenticationFilter  : Set SecurityContextHolder to anonymous SecurityContext
2025-12-11T02:03:05.965+05:00 DEBUG 18520 --- [hotel-management-system] [           main] o.s.security.web.FilterChainProxy        : Secured POST /api/auth/login
Hibernate: 
    select
        u1_0.id,
        u1_0.created_at,
        u1_0.email,
        u1_0.enabled,
        u1_0.first_name,
        u1_0.last_name,
        u1_0.password,
        u1_0.phone,
        u1_0.role,
        u1_0.updated_at 
    from
        users u1_0 
    where
        u1_0.email=?
2025-12-11T02:03:06.028+05:00 DEBUG 18520 --- [hotel-management-system] [           main] o.s.s.a.dao.DaoAuthenticationProvider    : Failed to authenticate since password does not match stored value

MockHttpServletRequest:
      HTTP Method = POST
      Request URI = /api/auth/register
       Parameters = {}
          Headers = [Content-Type:"application/json;charset=UTF-8", Content-Length:"120"]
             Body = {"email":"wrong.pass@example.com","password":"password123","firstName":"User","lastName":"One","phone":null,"role":null}
    Session Attrs = {}

Handler:
             Type = com.esd.hotelmanagement.controller.AuthController
           Method = com.esd.hotelmanagement.controller.AuthController#register(RegisterRequest)

Async:
    Async started = false
     Async result = null

Resolved Exception:
             Type = null

ModelAndView:
        View name = null
             View = null
            Model = null

FlashMap:
       Attributes = null

MockHttpServletResponse:
           Status = 201
    Error message = null
          Headers = [Vary:"Origin", "Access-Control-Request-Method", "Access-Control-Request-Headers", Content-Type:"application/json", X-Content-Type-Options:"nosniff", X-XSS-Protection:"0", Cache-Control:"no-cache, no-store, max-age=0, must-revalidate", Pragma:"no-cache", Expires:"0", X-Frame-Options:"SAMEORIGIN"]
     Content type = application/json
             Body = {"token":"eyJhbGciOiJIUzM4NCJ9.eyJzdWIiOiJ3cm9uZy5wYXNzQGV4YW1wbGUuY29tIiwiaWF0IjoxNzY1NDAwNTg1LCJleHAiOjE3NjU0ODY5ODV9.N1__NSorytn7JKkkibyU2CuWfyF9d9rFw_13w4G3Kw3Lky_aKKLvtFu6NhFtS4OG","tokenType":"Bearer","userId":3,"email":"wrong.pass@example.com","firstName":"User","lastName":"One","role":"GUEST"}
    Forwarded URL = null
   Redirected URL = null
          Cookies = []

MockHttpServletRequest:
      HTTP Method = POST
      Request URI = /api/auth/login
       Parameters = {}
          Headers = [Content-Type:"application/json;charset=UTF-8", Content-Length:"61"]
             Body = {"email":"wrong.pass@example.com","password":"wrongpassword"}
    Session Attrs = {}

Handler:
             Type = com.esd.hotelmanagement.controller.AuthController
           Method = com.esd.hotelmanagement.controller.AuthController#login(LoginRequest)

Async:
    Async started = false
     Async result = null

Resolved Exception:
             Type = org.springframework.security.authentication.BadCredentialsException

ModelAndView:
        View name = null
             View = null
            Model = null

FlashMap:
       Attributes = null

MockHttpServletResponse:
           Status = 401
    Error message = null
          Headers = [Vary:"Origin", "Access-Control-Request-Method", "Access-Control-Request-Headers", Content-Type:"application/json", X-Content-Type-Options:"nosniff", X-XSS-Protection:"0", Cache-Control:"no-cache, no-store, max-age=0, must-revalidate", Pragma:"no-cache", Expires:"0", X-Frame-Options:"SAMEORIGIN"]
     Content type = application/json
             Body = {"status":401,"error":"Unauthorized","message":"Invalid email or password","path":"/api/auth/login","timestamp":"2025-12-11T02:03:06.0320084","validationErrors":null}
    Forwarded URL = null
   Redirected URL = null
          Cookies = []
[ERROR] Tests run: 3, Failures: 1, Errors: 0, Skipped: 0, Time elapsed: 6.731 s <<< FAILURE! -- in com.esd.hotelmanagement.controller.AuthControllerTest
[ERROR] com.esd.hotelmanagement.controller.AuthControllerTest.shouldFailLoginWrongPassword -- Time elapsed: 0.146 s <<< FAILURE!
java.lang.AssertionError: Status expected:<403> but was:<401>
	at org.springframework.test.util.AssertionErrors.fail(AssertionErrors.java:59)
	at org.springframework.test.util.AssertionErrors.assertEquals(AssertionErrors.java:122)
	at org.springframework.test.web.servlet.result.StatusResultMatchers.lambda$matcher$9(StatusResultMatchers.java:637)
	at org.springframework.test.web.servlet.MockMvc$1.andExpect(MockMvc.java:214)
	at com.esd.hotelmanagement.controller.AuthControllerTest.shouldFailLoginWrongPassword(AuthControllerTest.java:83)
	at java.base/java.lang.reflect.Method.invoke(Method.java:565)
	at java.base/java.util.ArrayList.forEach(ArrayList.java:1604)
	at java.base/java.util.ArrayList.forEach(ArrayList.java:1604)

[INFO] 
[INFO] Results:
[INFO] 
[ERROR] Failures: 
[ERROR]   AuthControllerTest.shouldFailLoginWrongPassword:83 Status expected:<403> but was:<401>
[INFO] 
[ERROR] Tests run: 3, Failures: 1, Errors: 0, Skipped: 0
[INFO] 
[INFO] ------------------------------------------------------------------------
[INFO] BUILD FAILURE
[INFO] ------------------------------------------------------------------------
[INFO] Total time:  9.076 s
[INFO] Finished at: 2025-12-11T02:03:06+05:00
[INFO] ------------------------------------------------------------------------
[ERROR] Failed to execute goal org.apache.maven.plugins:maven-surefire-plugin:3.1.2:test (default-test) on project hotelmanagement: There are test failures.
[ERROR] 
[ERROR] Please refer to H:\ESD_Project_springboot\target\surefire-reports for the individual test results.
[ERROR] Please refer to dump files (if any exist) [date].dump, [date]-jvmRun[N].dump and [date].dumpstream.
[ERROR] -> [Help 1]
[ERROR] 
[ERROR] To see the full stack trace of the errors, re-run Maven with the -e switch.
[ERROR] Re-run Maven using the -X switch to enable full debug logging.
[ERROR] 
[ERROR] For more information about the errors and possible solutions, please read the following articles:
[ERROR] [Help 1] http://cwiki.apache.org/confluence/display/MAVEN/MojoFailureException
